Component: ARM Compiler 5.06 update 6 (build 750) Tool: armlink [4d35ed]

==============================================================================

Section Cross References

    main.o(i.main) refers to code_def.o(i.DMA) for DMA
    main.o(i.main) refers to code_def.o(i.UARTString) for UARTString
    main.o(i.main) refers to code_def.o(i.SetWaterLightSpeed) for SetWaterLightSpeed
    main.o(i.main) refers to code_def.o(i.SetWaterLightMode) for SetWaterLightMode
    main.o(i.main) refers to code_def.o(i.Delay) for Delay
    startup_cmsdk_cm0.o(STACK) refers (Special) to heapauxi.o(.text) for __use_two_region_memory
    startup_cmsdk_cm0.o(HEAP) refers (Special) to heapauxi.o(.text) for __use_two_region_memory
    startup_cmsdk_cm0.o(RESET) refers (Special) to heapauxi.o(.text) for __use_two_region_memory
    startup_cmsdk_cm0.o(RESET) refers to startup_cmsdk_cm0.o(STACK) for __initial_sp
    startup_cmsdk_cm0.o(RESET) refers to startup_cmsdk_cm0.o(.text) for Reset_Handler
    startup_cmsdk_cm0.o(.text) refers (Special) to heapauxi.o(.text) for __use_two_region_memory
    startup_cmsdk_cm0.o(.text) refers to code_def.o(i.UARTHandle) for UARTHandle
    startup_cmsdk_cm0.o(.text) refers to __main.o(!!!main) for __main
    startup_cmsdk_cm0.o(.text) refers to startup_cmsdk_cm0.o(HEAP) for Heap_Mem
    startup_cmsdk_cm0.o(.text) refers to startup_cmsdk_cm0.o(STACK) for Stack_Mem
    code_def.o(i.UARTHandle) refers to code_def.o(i.ReadUART) for ReadUART
    code_def.o(i.UARTHandle) refers to code_def.o(i.UARTString) for UARTString
    code_def.o(i.UARTHandle) refers to code_def.o(i.WriteUART) for WriteUART
    code_def.o(i.UARTString) refers to code_def.o(i.WriteUART) for WriteUART
    code_def.o(i.UARTString) refers to strlen.o(.text) for strlen
    code_def.o(i.WriteUART) refers to code_def.o(i.ReadUARTState) for ReadUARTState
    __main.o(!!!main) refers to __rtentry.o(.ARM.Collect$$rtentry$$00000000) for __rt_entry
    __rtentry.o(.ARM.Collect$$rtentry$$00000000) refers (Special) to __rtentry2.o(.ARM.Collect$$rtentry$$0000000A) for __rt_entry_li
    __rtentry.o(.ARM.Collect$$rtentry$$00000000) refers (Special) to __rtentry2.o(.ARM.Collect$$rtentry$$0000000D) for __rt_entry_main
    __rtentry.o(.ARM.Collect$$rtentry$$00000000) refers (Special) to __rtentry2.o(.ARM.Collect$$rtentry$$0000000C) for __rt_entry_postli_1
    __rtentry.o(.ARM.Collect$$rtentry$$00000000) refers (Special) to __rtentry2.o(.ARM.Collect$$rtentry$$00000009) for __rt_entry_postsh_1
    __rtentry.o(.ARM.Collect$$rtentry$$00000000) refers (Special) to __rtentry2.o(.ARM.Collect$$rtentry$$00000002) for __rt_entry_presh_1
    __rtentry.o(.ARM.Collect$$rtentry$$00000000) refers (Special) to __rtentry4.o(.ARM.Collect$$rtentry$$00000004) for __rt_entry_sh
    __rtentry2.o(.ARM.Collect$$rtentry$$00000008) refers to boardinit2.o(.text) for _platform_post_stackheap_init
    __rtentry2.o(.ARM.Collect$$rtentry$$0000000A) refers to libinit.o(.ARM.Collect$$libinit$$00000000) for __rt_lib_init
    __rtentry2.o(.ARM.Collect$$rtentry$$0000000B) refers to boardinit3.o(.text) for _platform_post_lib_init
    __rtentry2.o(.ARM.Collect$$rtentry$$0000000D) refers to main.o(i.main) for main
    __rtentry2.o(.ARM.Collect$$rtentry$$0000000D) refers to exit.o(.text) for exit
    __rtentry2.o(.ARM.exidx) refers to __rtentry2.o(.ARM.Collect$$rtentry$$00000001) for .ARM.Collect$$rtentry$$00000001
    __rtentry2.o(.ARM.exidx) refers to __rtentry2.o(.ARM.Collect$$rtentry$$00000008) for .ARM.Collect$$rtentry$$00000008
    __rtentry2.o(.ARM.exidx) refers to __rtentry2.o(.ARM.Collect$$rtentry$$0000000A) for .ARM.Collect$$rtentry$$0000000A
    __rtentry2.o(.ARM.exidx) refers to __rtentry2.o(.ARM.Collect$$rtentry$$0000000B) for .ARM.Collect$$rtentry$$0000000B
    __rtentry2.o(.ARM.exidx) refers to __rtentry2.o(.ARM.Collect$$rtentry$$0000000D) for .ARM.Collect$$rtentry$$0000000D
    __rtentry4.o(.ARM.Collect$$rtentry$$00000004) refers to sys_stackheap_outer.o(.text) for __user_setup_stackheap
    __rtentry4.o(.ARM.exidx) refers to __rtentry4.o(.ARM.Collect$$rtentry$$00000004) for .ARM.Collect$$rtentry$$00000004
    sys_stackheap_outer.o(.text) refers to libspace.o(.text) for __user_perproc_libspace
    sys_stackheap_outer.o(.text) refers to startup_cmsdk_cm0.o(.text) for __user_initial_stackheap
    sys_stackheap_outer.o(__vectab_stack_and_reset_area) refers to tempstk.o(.text) for __temporary_stack_top
    sys_stackheap_outer.o(__vectab_stack_and_reset_area) refers to __main.o(!!!main) for __main
    exit.o(.text) refers to rtexit.o(.ARM.Collect$$rtexit$$00000000) for __rt_exit
    libinit.o(.ARM.Collect$$libinit$$00000000) refers (Special) to libinit2.o(.ARM.Collect$$libinit$$0000002E) for __rt_lib_init_alloca_1
    libinit.o(.ARM.Collect$$libinit$$00000000) refers (Special) to libinit2.o(.ARM.Collect$$libinit$$0000002C) for __rt_lib_init_argv_1
    libinit.o(.ARM.Collect$$libinit$$00000000) refers (Special) to libinit2.o(.ARM.Collect$$libinit$$0000001B) for __rt_lib_init_atexit_1
    libinit.o(.ARM.Collect$$libinit$$00000000) refers (Special) to libinit2.o(.ARM.Collect$$libinit$$00000021) for __rt_lib_init_clock_1
    libinit.o(.ARM.Collect$$libinit$$00000000) refers (Special) to libinit2.o(.ARM.Collect$$libinit$$00000032) for __rt_lib_init_cpp_1
    libinit.o(.ARM.Collect$$libinit$$00000000) refers (Special) to libinit2.o(.ARM.Collect$$libinit$$00000030) for __rt_lib_init_exceptions_1
    libinit.o(.ARM.Collect$$libinit$$00000000) refers (Special) to libinit2.o(.ARM.Collect$$libinit$$00000002) for __rt_lib_init_fp_1
    libinit.o(.ARM.Collect$$libinit$$00000000) refers (Special) to libinit2.o(.ARM.Collect$$libinit$$0000001F) for __rt_lib_init_fp_trap_1
    libinit.o(.ARM.Collect$$libinit$$00000000) refers (Special) to libinit2.o(.ARM.Collect$$libinit$$00000023) for __rt_lib_init_getenv_1
    libinit.o(.ARM.Collect$$libinit$$00000000) refers (Special) to libinit2.o(.ARM.Collect$$libinit$$0000000A) for __rt_lib_init_heap_1
    libinit.o(.ARM.Collect$$libinit$$00000000) refers (Special) to libinit2.o(.ARM.Collect$$libinit$$00000011) for __rt_lib_init_lc_collate_1
    libinit.o(.ARM.Collect$$libinit$$00000000) refers (Special) to libinit2.o(.ARM.Collect$$libinit$$00000013) for __rt_lib_init_lc_ctype_1
    libinit.o(.ARM.Collect$$libinit$$00000000) refers (Special) to libinit2.o(.ARM.Collect$$libinit$$00000015) for __rt_lib_init_lc_monetary_1
    libinit.o(.ARM.Collect$$libinit$$00000000) refers (Special) to libinit2.o(.ARM.Collect$$libinit$$00000017) for __rt_lib_init_lc_numeric_1
    libinit.o(.ARM.Collect$$libinit$$00000000) refers (Special) to libinit2.o(.ARM.Collect$$libinit$$00000019) for __rt_lib_init_lc_time_1
    libinit.o(.ARM.Collect$$libinit$$00000000) refers (Special) to libinit2.o(.ARM.Collect$$libinit$$00000004) for __rt_lib_init_preinit_1
    libinit.o(.ARM.Collect$$libinit$$00000000) refers (Special) to libinit2.o(.ARM.Collect$$libinit$$0000000E) for __rt_lib_init_rand_1
    libinit.o(.ARM.Collect$$libinit$$00000000) refers (Special) to libinit2.o(.ARM.Collect$$libinit$$00000033) for __rt_lib_init_return
    libinit.o(.ARM.Collect$$libinit$$00000000) refers (Special) to libinit2.o(.ARM.Collect$$libinit$$0000001D) for __rt_lib_init_signal_1
    libinit.o(.ARM.Collect$$libinit$$00000000) refers (Special) to libinit2.o(.ARM.Collect$$libinit$$00000025) for __rt_lib_init_stdio_1
    libinit.o(.ARM.Collect$$libinit$$00000000) refers (Special) to libinit2.o(.ARM.Collect$$libinit$$0000000C) for __rt_lib_init_user_alloc_1
    libspace.o(.text) refers to libspace.o(.bss) for __libspace_start
    rtexit.o(.ARM.Collect$$rtexit$$00000000) refers (Special) to rtexit2.o(.ARM.Collect$$rtexit$$00000004) for __rt_exit_exit
    rtexit.o(.ARM.Collect$$rtexit$$00000000) refers (Special) to rtexit2.o(.ARM.Collect$$rtexit$$00000003) for __rt_exit_ls
    rtexit.o(.ARM.Collect$$rtexit$$00000000) refers (Special) to rtexit2.o(.ARM.Collect$$rtexit$$00000002) for __rt_exit_prels_1
    rtexit.o(.ARM.exidx) refers (Special) to rtexit2.o(.ARM.Collect$$rtexit$$00000004) for __rt_exit_exit
    rtexit.o(.ARM.exidx) refers (Special) to rtexit2.o(.ARM.Collect$$rtexit$$00000003) for __rt_exit_ls
    rtexit.o(.ARM.exidx) refers (Special) to rtexit2.o(.ARM.Collect$$rtexit$$00000002) for __rt_exit_prels_1
    rtexit.o(.ARM.exidx) refers to rtexit.o(.ARM.Collect$$rtexit$$00000000) for .ARM.Collect$$rtexit$$00000000
    libinit2.o(.ARM.Collect$$libinit$$00000010) refers to libinit2.o(.ARM.Collect$$libinit$$0000000F) for .ARM.Collect$$libinit$$0000000F
    libinit2.o(.ARM.Collect$$libinit$$00000012) refers to libinit2.o(.ARM.Collect$$libinit$$0000000F) for .ARM.Collect$$libinit$$0000000F
    libinit2.o(.ARM.Collect$$libinit$$00000014) refers to libinit2.o(.ARM.Collect$$libinit$$0000000F) for .ARM.Collect$$libinit$$0000000F
    libinit2.o(.ARM.Collect$$libinit$$00000016) refers to libinit2.o(.ARM.Collect$$libinit$$0000000F) for .ARM.Collect$$libinit$$0000000F
    libinit2.o(.ARM.Collect$$libinit$$00000018) refers to libinit2.o(.ARM.Collect$$libinit$$0000000F) for .ARM.Collect$$libinit$$0000000F
    libinit2.o(.ARM.Collect$$libinit$$00000026) refers to argv_veneer.o(.text) for __ARM_argv_veneer
    libinit2.o(.ARM.Collect$$libinit$$00000027) refers to argv_veneer.o(.text) for __ARM_argv_veneer
    rtexit2.o(.ARM.Collect$$rtexit$$00000003) refers to libshutdown.o(.ARM.Collect$$libshutdown$$00000000) for __rt_lib_shutdown
    rtexit2.o(.ARM.Collect$$rtexit$$00000004) refers to sys_exit.o(.text) for _sys_exit
    rtexit2.o(.ARM.exidx) refers to rtexit2.o(.ARM.Collect$$rtexit$$00000001) for .ARM.Collect$$rtexit$$00000001
    rtexit2.o(.ARM.exidx) refers to rtexit2.o(.ARM.Collect$$rtexit$$00000003) for .ARM.Collect$$rtexit$$00000003
    rtexit2.o(.ARM.exidx) refers to rtexit2.o(.ARM.Collect$$rtexit$$00000004) for .ARM.Collect$$rtexit$$00000004
    sys_exit.o(.text) refers (Special) to use_no_semi.o(.text) for __I$use$semihosting
    sys_exit.o(.text) refers (Special) to indicate_semi.o(.text) for __semihosting_library_function
    _get_argv_nomalloc.o(.text) refers (Special) to hrguard.o(.text) for __heap_region$guard
    _get_argv_nomalloc.o(.text) refers to defsig_rtmem_outer.o(.text) for __rt_SIGRTMEM
    _get_argv_nomalloc.o(.text) refers to sys_command.o(.text) for _sys_command_string
    libshutdown.o(.ARM.Collect$$libshutdown$$00000000) refers (Special) to libshutdown2.o(.ARM.Collect$$libshutdown$$00000002) for __rt_lib_shutdown_cpp_1
    libshutdown.o(.ARM.Collect$$libshutdown$$00000000) refers (Special) to libshutdown2.o(.ARM.Collect$$libshutdown$$00000007) for __rt_lib_shutdown_fp_trap_1
    libshutdown.o(.ARM.Collect$$libshutdown$$00000000) refers (Special) to libshutdown2.o(.ARM.Collect$$libshutdown$$0000000F) for __rt_lib_shutdown_heap_1
    libshutdown.o(.ARM.Collect$$libshutdown$$00000000) refers (Special) to libshutdown2.o(.ARM.Collect$$libshutdown$$00000010) for __rt_lib_shutdown_return
    libshutdown.o(.ARM.Collect$$libshutdown$$00000000) refers (Special) to libshutdown2.o(.ARM.Collect$$libshutdown$$0000000A) for __rt_lib_shutdown_signal_1
    libshutdown.o(.ARM.Collect$$libshutdown$$00000000) refers (Special) to libshutdown2.o(.ARM.Collect$$libshutdown$$00000004) for __rt_lib_shutdown_stdio_1
    libshutdown.o(.ARM.Collect$$libshutdown$$00000000) refers (Special) to libshutdown2.o(.ARM.Collect$$libshutdown$$0000000C) for __rt_lib_shutdown_user_alloc_1
    sys_command.o(.text) refers (Special) to use_no_semi.o(.text) for __I$use$semihosting
    sys_command.o(.text) refers (Special) to indicate_semi.o(.text) for __semihosting_library_function
    defsig_rtmem_outer.o(.text) refers to defsig_rtmem_inner.o(.text) for __rt_SIGRTMEM_inner
    defsig_rtmem_outer.o(.text) refers to defsig_exit.o(.text) for __sig_exit
    defsig_rtmem_formal.o(.text) refers to rt_raise.o(.text) for __rt_raise
    rt_raise.o(.text) refers to __raise.o(.text) for __raise
    rt_raise.o(.text) refers to sys_exit.o(.text) for _sys_exit
    defsig_exit.o(.text) refers to sys_exit.o(.text) for _sys_exit
    defsig_rtmem_inner.o(.text) refers to defsig_general.o(.text) for __default_signal_display
    __raise.o(.text) refers to defsig.o(CL$$defsig) for __default_signal_handler
    defsig_general.o(.text) refers to sys_wrch.o(.text) for _ttywrch
    sys_wrch.o(.text) refers (Special) to use_no_semi.o(.text) for __I$use$semihosting
    sys_wrch.o(.text) refers (Special) to indicate_semi.o(.text) for __semihosting_library_function
    defsig.o(CL$$defsig) refers to defsig_rtmem_inner.o(.text) for __rt_SIGRTMEM_inner
    defsig_abrt_inner.o(.text) refers to defsig_general.o(.text) for __default_signal_display
    defsig_fpe_inner.o(.text) refers to defsig_general.o(.text) for __default_signal_display
    defsig_rtred_inner.o(.text) refers to defsig_general.o(.text) for __default_signal_display
    defsig_stak_inner.o(.text) refers to defsig_general.o(.text) for __default_signal_display
    defsig_pvfn_inner.o(.text) refers to defsig_general.o(.text) for __default_signal_display
    defsig_cppl_inner.o(.text) refers to defsig_general.o(.text) for __default_signal_display
    defsig_segv_inner.o(.text) refers to defsig_general.o(.text) for __default_signal_display
    defsig_other.o(.text) refers to defsig_general.o(.text) for __default_signal_display


==============================================================================

Image Symbol Table

    Local Symbols

    Symbol Name                              Value     Ov Type        Size  Object(Section)

    RESET                                    0x00000000   Section       68  startup_cmsdk_cm0.o(RESET)
    ../clib/angel/boardlib.s                 0x00000000   Number         0  boardinit1.o ABSOLUTE
    ../clib/angel/boardlib.s                 0x00000000   Number         0  boardshut.o ABSOLUTE
    ../clib/angel/boardlib.s                 0x00000000   Number         0  boardinit3.o ABSOLUTE
    ../clib/angel/boardlib.s                 0x00000000   Number         0  boardinit2.o ABSOLUTE
    ../clib/angel/handlers.s                 0x00000000   Number         0  __scatter_zi.o ABSOLUTE
    ../clib/angel/kernel.s                   0x00000000   Number         0  __rtentry.o ABSOLUTE
    ../clib/angel/kernel.s                   0x00000000   Number         0  __rtentry4.o ABSOLUTE
    ../clib/angel/kernel.s                   0x00000000   Number         0  __rtentry2.o ABSOLUTE
    ../clib/angel/kernel.s                   0x00000000   Number         0  rtexit2.o ABSOLUTE
    ../clib/angel/kernel.s                   0x00000000   Number         0  rtexit.o ABSOLUTE
    ../clib/angel/rt.s                       0x00000000   Number         0  rt_raise.o ABSOLUTE
    ../clib/angel/scatterp.s                 0x00000000   Number         0  __scatter.o ABSOLUTE
    ../clib/angel/startup.s                  0x00000000   Number         0  __main.o ABSOLUTE
    ../clib/angel/sys.s                      0x00000000   Number         0  sys_stackheap_outer.o ABSOLUTE
    ../clib/angel/sys.s                      0x00000000   Number         0  indicate_semi.o ABSOLUTE
    ../clib/angel/sys.s                      0x00000000   Number         0  use_no_semi.o ABSOLUTE
    ../clib/angel/sys.s                      0x00000000   Number         0  tempstk.o ABSOLUTE
    ../clib/angel/sys.s                      0x00000000   Number         0  libspace.o ABSOLUTE
    ../clib/angel/sysapp.c                   0x00000000   Number         0  sys_command.o ABSOLUTE
    ../clib/angel/sysapp.c                   0x00000000   Number         0  sys_exit.o ABSOLUTE
    ../clib/angel/sysapp.c                   0x00000000   Number         0  sys_wrch.o ABSOLUTE
    ../clib/armsys.c                         0x00000000   Number         0  _get_argv_nomalloc.o ABSOLUTE
    ../clib/armsys.c                         0x00000000   Number         0  argv_veneer.o ABSOLUTE
    ../clib/armsys.c                         0x00000000   Number         0  no_argv.o ABSOLUTE
    ../clib/heapalloc.c                      0x00000000   Number         0  hrguard.o ABSOLUTE
    ../clib/heapaux.c                        0x00000000   Number         0  heapauxi.o ABSOLUTE
    ../clib/libinit.s                        0x00000000   Number         0  libshutdown.o ABSOLUTE
    ../clib/libinit.s                        0x00000000   Number         0  libinit.o ABSOLUTE
    ../clib/libinit.s                        0x00000000   Number         0  libshutdown2.o ABSOLUTE
    ../clib/libinit.s                        0x00000000   Number         0  libinit2.o ABSOLUTE
    ../clib/signal.c                         0x00000000   Number         0  defsig_segv_inner.o ABSOLUTE
    ../clib/signal.c                         0x00000000   Number         0  defsig_cppl_inner.o ABSOLUTE
    ../clib/signal.c                         0x00000000   Number         0  defsig_pvfn_inner.o ABSOLUTE
    ../clib/signal.c                         0x00000000   Number         0  defsig_stak_inner.o ABSOLUTE
    ../clib/signal.c                         0x00000000   Number         0  defsig_rtred_inner.o ABSOLUTE
    ../clib/signal.c                         0x00000000   Number         0  defsig_fpe_inner.o ABSOLUTE
    ../clib/signal.c                         0x00000000   Number         0  defsig_abrt_inner.o ABSOLUTE
    ../clib/signal.c                         0x00000000   Number         0  __raise.o ABSOLUTE
    ../clib/signal.c                         0x00000000   Number         0  defsig_rtmem_outer.o ABSOLUTE
    ../clib/signal.c                         0x00000000   Number         0  defsig_rtmem_formal.o ABSOLUTE
    ../clib/signal.c                         0x00000000   Number         0  defsig_rtmem_inner.o ABSOLUTE
    ../clib/signal.c                         0x00000000   Number         0  defsig_exit.o ABSOLUTE
    ../clib/signal.c                         0x00000000   Number         0  defsig_other.o ABSOLUTE
    ../clib/signal.c                         0x00000000   Number         0  defsig_general.o ABSOLUTE
    ../clib/signal.s                         0x00000000   Number         0  defsig.o ABSOLUTE
    ../clib/stdlib.c                         0x00000000   Number         0  exit.o ABSOLUTE
    ../clib/string.c                         0x00000000   Number         0  strlen.o ABSOLUTE
    ../fplib/cfplib/fpinit.c                 0x00000000   Number         0  fpinit.o ABSOLUTE
    code_def.c                               0x00000000   Number         0  code_def.o ABSOLUTE
    dc.s                                     0x00000000   Number         0  dc.o ABSOLUTE
    main.c                                   0x00000000   Number         0  main.o ABSOLUTE
    startup_CMSDK_CM0.s                      0x00000000   Number         0  startup_cmsdk_cm0.o ABSOLUTE
    !!!main                                  0x00000044   Section        8  __main.o(!!!main)
    !!!scatter                               0x0000004c   Section       60  __scatter.o(!!!scatter)
    !!handler_zi                             0x00000088   Section       28  __scatter_zi.o(!!handler_zi)
    .ARM.Collect$$libinit$$00000000          0x000000a4   Section        2  libinit.o(.ARM.Collect$$libinit$$00000000)
    .ARM.Collect$$libinit$$00000002          0x000000a6   Section        0  libinit2.o(.ARM.Collect$$libinit$$00000002)
    .ARM.Collect$$libinit$$00000004          0x000000a6   Section        0  libinit2.o(.ARM.Collect$$libinit$$00000004)
    .ARM.Collect$$libinit$$0000000A          0x000000a6   Section        0  libinit2.o(.ARM.Collect$$libinit$$0000000A)
    .ARM.Collect$$libinit$$0000000C          0x000000a6   Section        0  libinit2.o(.ARM.Collect$$libinit$$0000000C)
    .ARM.Collect$$libinit$$0000000E          0x000000a6   Section        0  libinit2.o(.ARM.Collect$$libinit$$0000000E)
    .ARM.Collect$$libinit$$00000011          0x000000a6   Section        0  libinit2.o(.ARM.Collect$$libinit$$00000011)
    .ARM.Collect$$libinit$$00000013          0x000000a6   Section        0  libinit2.o(.ARM.Collect$$libinit$$00000013)
    .ARM.Collect$$libinit$$00000015          0x000000a6   Section        0  libinit2.o(.ARM.Collect$$libinit$$00000015)
    .ARM.Collect$$libinit$$00000017          0x000000a6   Section        0  libinit2.o(.ARM.Collect$$libinit$$00000017)
    .ARM.Collect$$libinit$$00000019          0x000000a6   Section        0  libinit2.o(.ARM.Collect$$libinit$$00000019)
    .ARM.Collect$$libinit$$0000001B          0x000000a6   Section        0  libinit2.o(.ARM.Collect$$libinit$$0000001B)
    .ARM.Collect$$libinit$$0000001D          0x000000a6   Section        0  libinit2.o(.ARM.Collect$$libinit$$0000001D)
    .ARM.Collect$$libinit$$0000001F          0x000000a6   Section        0  libinit2.o(.ARM.Collect$$libinit$$0000001F)
    .ARM.Collect$$libinit$$00000021          0x000000a6   Section        0  libinit2.o(.ARM.Collect$$libinit$$00000021)
    .ARM.Collect$$libinit$$00000023          0x000000a6   Section        0  libinit2.o(.ARM.Collect$$libinit$$00000023)
    .ARM.Collect$$libinit$$00000025          0x000000a6   Section        0  libinit2.o(.ARM.Collect$$libinit$$00000025)
    .ARM.Collect$$libinit$$0000002C          0x000000a6   Section        0  libinit2.o(.ARM.Collect$$libinit$$0000002C)
    .ARM.Collect$$libinit$$0000002E          0x000000a6   Section        0  libinit2.o(.ARM.Collect$$libinit$$0000002E)
    .ARM.Collect$$libinit$$00000030          0x000000a6   Section        0  libinit2.o(.ARM.Collect$$libinit$$00000030)
    .ARM.Collect$$libinit$$00000032          0x000000a6   Section        0  libinit2.o(.ARM.Collect$$libinit$$00000032)
    .ARM.Collect$$libinit$$00000033          0x000000a6   Section        2  libinit2.o(.ARM.Collect$$libinit$$00000033)
    .ARM.Collect$$libshutdown$$00000000      0x000000a8   Section        2  libshutdown.o(.ARM.Collect$$libshutdown$$00000000)
    .ARM.Collect$$libshutdown$$00000002      0x000000aa   Section        0  libshutdown2.o(.ARM.Collect$$libshutdown$$00000002)
    .ARM.Collect$$libshutdown$$00000004      0x000000aa   Section        0  libshutdown2.o(.ARM.Collect$$libshutdown$$00000004)
    .ARM.Collect$$libshutdown$$00000007      0x000000aa   Section        0  libshutdown2.o(.ARM.Collect$$libshutdown$$00000007)
    .ARM.Collect$$libshutdown$$0000000A      0x000000aa   Section        0  libshutdown2.o(.ARM.Collect$$libshutdown$$0000000A)
    .ARM.Collect$$libshutdown$$0000000C      0x000000aa   Section        0  libshutdown2.o(.ARM.Collect$$libshutdown$$0000000C)
    .ARM.Collect$$libshutdown$$0000000F      0x000000aa   Section        0  libshutdown2.o(.ARM.Collect$$libshutdown$$0000000F)
    .ARM.Collect$$libshutdown$$00000010      0x000000aa   Section        2  libshutdown2.o(.ARM.Collect$$libshutdown$$00000010)
    .ARM.Collect$$rtentry$$00000000          0x000000ac   Section        0  __rtentry.o(.ARM.Collect$$rtentry$$00000000)
    .ARM.Collect$$rtentry$$00000002          0x000000ac   Section        0  __rtentry2.o(.ARM.Collect$$rtentry$$00000002)
    .ARM.Collect$$rtentry$$00000004          0x000000ac   Section        6  __rtentry4.o(.ARM.Collect$$rtentry$$00000004)
    .ARM.Collect$$rtentry$$00000009          0x000000b2   Section        0  __rtentry2.o(.ARM.Collect$$rtentry$$00000009)
    .ARM.Collect$$rtentry$$0000000A          0x000000b2   Section        4  __rtentry2.o(.ARM.Collect$$rtentry$$0000000A)
    .ARM.Collect$$rtentry$$0000000C          0x000000b6   Section        0  __rtentry2.o(.ARM.Collect$$rtentry$$0000000C)
    .ARM.Collect$$rtentry$$0000000D          0x000000b6   Section        8  __rtentry2.o(.ARM.Collect$$rtentry$$0000000D)
    .ARM.Collect$$rtexit$$00000000           0x000000be   Section        2  rtexit.o(.ARM.Collect$$rtexit$$00000000)
    .ARM.Collect$$rtexit$$00000002           0x000000c0   Section        0  rtexit2.o(.ARM.Collect$$rtexit$$00000002)
    .ARM.Collect$$rtexit$$00000003           0x000000c0   Section        4  rtexit2.o(.ARM.Collect$$rtexit$$00000003)
    .ARM.Collect$$rtexit$$00000004           0x000000c4   Section        6  rtexit2.o(.ARM.Collect$$rtexit$$00000004)
    .text                                    0x000000cc   Section       48  startup_cmsdk_cm0.o(.text)
    .text                                    0x000000fc   Section        0  strlen.o(.text)
    .text                                    0x00000140   Section        0  heapauxi.o(.text)
    .text                                    0x00000146   Section       62  sys_stackheap_outer.o(.text)
    .text                                    0x00000184   Section        0  exit.o(.text)
    .text                                    0x00000194   Section        8  libspace.o(.text)
    .text                                    0x0000019c   Section        0  sys_exit.o(.text)
    .text                                    0x000001a8   Section        2  use_no_semi.o(.text)
    .text                                    0x000001aa   Section        0  indicate_semi.o(.text)
    i.DMA                                    0x000001aa   Section        0  code_def.o(i.DMA)
    i.Delay                                  0x000001bc   Section        0  code_def.o(i.Delay)
    i.ReadUART                               0x000001ce   Section        0  code_def.o(i.ReadUART)
    i.ReadUARTState                          0x000001d8   Section        0  code_def.o(i.ReadUARTState)
    i.SetWaterLightMode                      0x000001e2   Section        0  code_def.o(i.SetWaterLightMode)
    i.SetWaterLightSpeed                     0x000001ea   Section        0  code_def.o(i.SetWaterLightSpeed)
    i.UARTHandle                             0x000001f4   Section        0  code_def.o(i.UARTHandle)
    i.UARTString                             0x00000220   Section        0  code_def.o(i.UARTString)
    i.WriteUART                              0x0000023c   Section        0  code_def.o(i.WriteUART)
    i.main                                   0x00000254   Section        0  main.o(i.main)
    .bss                                     0x20000000   Section       96  libspace.o(.bss)
    HEAP                                     0x20000060   Section     1024  startup_cmsdk_cm0.o(HEAP)
    Heap_Mem                                 0x20000060   Data        1024  startup_cmsdk_cm0.o(HEAP)
    STACK                                    0x20000460   Section     1024  startup_cmsdk_cm0.o(STACK)
    Stack_Mem                                0x20000460   Data        1024  startup_cmsdk_cm0.o(STACK)
    __initial_sp                             0x20000860   Data           0  startup_cmsdk_cm0.o(STACK)

    Global Symbols

    Symbol Name                              Value     Ov Type        Size  Object(Section)

    BuildAttributes$$THM_ISAv3M$S$PE$A:L22$X:L11$S22$IEEE1$IW$USESV6$~STKCKD$USESV7$~SHL$OSPACE$ROPI$EBA8$UX$STANDARDLIB$REQ8$PRES8$EABIv2 0x00000000   Number         0  anon$$obj.o ABSOLUTE
    __ARM_use_no_argv                        0x00000000   Number         0  main.o ABSOLUTE
    __Vectors                                0x00000000   Data           4  startup_cmsdk_cm0.o(RESET)
    __ARM_exceptions_init                     - Undefined Weak Reference
    __alloca_initialize                       - Undefined Weak Reference
    __arm_preinit_                            - Undefined Weak Reference
    __cpp_initialize__aeabi_                  - Undefined Weak Reference
    __cxa_finalize                            - Undefined Weak Reference
    __rt_locale                               - Undefined Weak Reference
    __sigvec_lookup                           - Undefined Weak Reference
    _atexit_init                              - Undefined Weak Reference
    _call_atexit_fns                          - Undefined Weak Reference
    _clock_init                               - Undefined Weak Reference
    _fp_trap_init                             - Undefined Weak Reference
    _fp_trap_shutdown                         - Undefined Weak Reference
    _get_lc_collate                           - Undefined Weak Reference
    _get_lc_ctype                             - Undefined Weak Reference
    _get_lc_monetary                          - Undefined Weak Reference
    _get_lc_numeric                           - Undefined Weak Reference
    _get_lc_time                              - Undefined Weak Reference
    _getenv_init                              - Undefined Weak Reference
    _handle_redirection                       - Undefined Weak Reference
    _init_alloc                               - Undefined Weak Reference
    _init_user_alloc                          - Undefined Weak Reference
    _initio                                   - Undefined Weak Reference
    _rand_init                                - Undefined Weak Reference
    _signal_finish                            - Undefined Weak Reference
    _signal_init                              - Undefined Weak Reference
    _terminate_alloc                          - Undefined Weak Reference
    _terminate_user_alloc                     - Undefined Weak Reference
    _terminateio                              - Undefined Weak Reference
    __main                                   0x00000045   Thumb Code     8  __main.o(!!!main)
    __scatterload                            0x0000004d   Thumb Code     0  __scatter.o(!!!scatter)
    __scatterload_rt2                        0x0000004d   Thumb Code    52  __scatter.o(!!!scatter)
    __scatterload_rt2_thumb_only             0x0000004d   Thumb Code     0  __scatter.o(!!!scatter)
    __scatterload_null                       0x0000005d   Thumb Code     0  __scatter.o(!!!scatter)
    __scatterload_zeroinit                   0x00000089   Thumb Code    28  __scatter_zi.o(!!handler_zi)
    __rt_lib_init                            0x000000a5   Thumb Code     0  libinit.o(.ARM.Collect$$libinit$$00000000)
    __rt_lib_init_alloca_1                   0x000000a7   Thumb Code     0  libinit2.o(.ARM.Collect$$libinit$$0000002E)
    __rt_lib_init_argv_1                     0x000000a7   Thumb Code     0  libinit2.o(.ARM.Collect$$libinit$$0000002C)
    __rt_lib_init_atexit_1                   0x000000a7   Thumb Code     0  libinit2.o(.ARM.Collect$$libinit$$0000001B)
    __rt_lib_init_clock_1                    0x000000a7   Thumb Code     0  libinit2.o(.ARM.Collect$$libinit$$00000021)
    __rt_lib_init_cpp_1                      0x000000a7   Thumb Code     0  libinit2.o(.ARM.Collect$$libinit$$00000032)
    __rt_lib_init_exceptions_1               0x000000a7   Thumb Code     0  libinit2.o(.ARM.Collect$$libinit$$00000030)
    __rt_lib_init_fp_1                       0x000000a7   Thumb Code     0  libinit2.o(.ARM.Collect$$libinit$$00000002)
    __rt_lib_init_fp_trap_1                  0x000000a7   Thumb Code     0  libinit2.o(.ARM.Collect$$libinit$$0000001F)
    __rt_lib_init_getenv_1                   0x000000a7   Thumb Code     0  libinit2.o(.ARM.Collect$$libinit$$00000023)
    __rt_lib_init_heap_1                     0x000000a7   Thumb Code     0  libinit2.o(.ARM.Collect$$libinit$$0000000A)
    __rt_lib_init_lc_collate_1               0x000000a7   Thumb Code     0  libinit2.o(.ARM.Collect$$libinit$$00000011)
    __rt_lib_init_lc_ctype_1                 0x000000a7   Thumb Code     0  libinit2.o(.ARM.Collect$$libinit$$00000013)
    __rt_lib_init_lc_monetary_1              0x000000a7   Thumb Code     0  libinit2.o(.ARM.Collect$$libinit$$00000015)
    __rt_lib_init_lc_numeric_1               0x000000a7   Thumb Code     0  libinit2.o(.ARM.Collect$$libinit$$00000017)
    __rt_lib_init_lc_time_1                  0x000000a7   Thumb Code     0  libinit2.o(.ARM.Collect$$libinit$$00000019)
    __rt_lib_init_preinit_1                  0x000000a7   Thumb Code     0  libinit2.o(.ARM.Collect$$libinit$$00000004)
    __rt_lib_init_rand_1                     0x000000a7   Thumb Code     0  libinit2.o(.ARM.Collect$$libinit$$0000000E)
    __rt_lib_init_return                     0x000000a7   Thumb Code     0  libinit2.o(.ARM.Collect$$libinit$$00000033)
    __rt_lib_init_signal_1                   0x000000a7   Thumb Code     0  libinit2.o(.ARM.Collect$$libinit$$0000001D)
    __rt_lib_init_stdio_1                    0x000000a7   Thumb Code     0  libinit2.o(.ARM.Collect$$libinit$$00000025)
    __rt_lib_init_user_alloc_1               0x000000a7   Thumb Code     0  libinit2.o(.ARM.Collect$$libinit$$0000000C)
    __rt_lib_shutdown                        0x000000a9   Thumb Code     0  libshutdown.o(.ARM.Collect$$libshutdown$$00000000)
    __rt_lib_shutdown_cpp_1                  0x000000ab   Thumb Code     0  libshutdown2.o(.ARM.Collect$$libshutdown$$00000002)
    __rt_lib_shutdown_fp_trap_1              0x000000ab   Thumb Code     0  libshutdown2.o(.ARM.Collect$$libshutdown$$00000007)
    __rt_lib_shutdown_heap_1                 0x000000ab   Thumb Code     0  libshutdown2.o(.ARM.Collect$$libshutdown$$0000000F)
    __rt_lib_shutdown_return                 0x000000ab   Thumb Code     0  libshutdown2.o(.ARM.Collect$$libshutdown$$00000010)
    __rt_lib_shutdown_signal_1               0x000000ab   Thumb Code     0  libshutdown2.o(.ARM.Collect$$libshutdown$$0000000A)
    __rt_lib_shutdown_stdio_1                0x000000ab   Thumb Code     0  libshutdown2.o(.ARM.Collect$$libshutdown$$00000004)
    __rt_lib_shutdown_user_alloc_1           0x000000ab   Thumb Code     0  libshutdown2.o(.ARM.Collect$$libshutdown$$0000000C)
    __rt_entry                               0x000000ad   Thumb Code     0  __rtentry.o(.ARM.Collect$$rtentry$$00000000)
    __rt_entry_presh_1                       0x000000ad   Thumb Code     0  __rtentry2.o(.ARM.Collect$$rtentry$$00000002)
    __rt_entry_sh                            0x000000ad   Thumb Code     0  __rtentry4.o(.ARM.Collect$$rtentry$$00000004)
    __rt_entry_li                            0x000000b3   Thumb Code     0  __rtentry2.o(.ARM.Collect$$rtentry$$0000000A)
    __rt_entry_postsh_1                      0x000000b3   Thumb Code     0  __rtentry2.o(.ARM.Collect$$rtentry$$00000009)
    __rt_entry_main                          0x000000b7   Thumb Code     0  __rtentry2.o(.ARM.Collect$$rtentry$$0000000D)
    __rt_entry_postli_1                      0x000000b7   Thumb Code     0  __rtentry2.o(.ARM.Collect$$rtentry$$0000000C)
    __rt_exit                                0x000000bf   Thumb Code     0  rtexit.o(.ARM.Collect$$rtexit$$00000000)
    __rt_exit_ls                             0x000000c1   Thumb Code     0  rtexit2.o(.ARM.Collect$$rtexit$$00000003)
    __rt_exit_prels_1                        0x000000c1   Thumb Code     0  rtexit2.o(.ARM.Collect$$rtexit$$00000002)
    __rt_exit_exit                           0x000000c5   Thumb Code     0  rtexit2.o(.ARM.Collect$$rtexit$$00000004)
    Reset_Handler                            0x000000cd   Thumb Code     8  startup_cmsdk_cm0.o(.text)
    UART_Handler                             0x000000d5   Thumb Code     8  startup_cmsdk_cm0.o(.text)
    __user_initial_stackheap                 0x000000dd   Thumb Code     0  startup_cmsdk_cm0.o(.text)
    strlen                                   0x000000fd   Thumb Code    62  strlen.o(.text)
    __use_two_region_memory                  0x00000141   Thumb Code     2  heapauxi.o(.text)
    __rt_heap_escrow$2region                 0x00000143   Thumb Code     2  heapauxi.o(.text)
    __rt_heap_expand$2region                 0x00000145   Thumb Code     2  heapauxi.o(.text)
    __user_setup_stackheap                   0x00000147   Thumb Code    62  sys_stackheap_outer.o(.text)
    exit                                     0x00000185   Thumb Code    16  exit.o(.text)
    __user_libspace                          0x00000195   Thumb Code     8  libspace.o(.text)
    __user_perproc_libspace                  0x00000195   Thumb Code     0  libspace.o(.text)
    __user_perthread_libspace                0x00000195   Thumb Code     0  libspace.o(.text)
    _sys_exit                                0x0000019d   Thumb Code     8  sys_exit.o(.text)
    __I$use$semihosting                      0x000001a9   Thumb Code     0  use_no_semi.o(.text)
    __use_no_semihosting_swi                 0x000001a9   Thumb Code     2  use_no_semi.o(.text)
    DMA                                      0x000001ab   Thumb Code    18  code_def.o(i.DMA)
    __semihosting_library_function           0x000001ab   Thumb Code     0  indicate_semi.o(.text)
    Delay                                    0x000001bd   Thumb Code    18  code_def.o(i.Delay)
    ReadUART                                 0x000001cf   Thumb Code    10  code_def.o(i.ReadUART)
    ReadUARTState                            0x000001d9   Thumb Code    10  code_def.o(i.ReadUARTState)
    SetWaterLightMode                        0x000001e3   Thumb Code     8  code_def.o(i.SetWaterLightMode)
    SetWaterLightSpeed                       0x000001eb   Thumb Code     8  code_def.o(i.SetWaterLightSpeed)
    UARTHandle                               0x000001f5   Thumb Code    28  code_def.o(i.UARTHandle)
    UARTString                               0x00000221   Thumb Code    28  code_def.o(i.UARTString)
    WriteUART                                0x0000023d   Thumb Code    22  code_def.o(i.WriteUART)
    main                                     0x00000255   Thumb Code   108  main.o(i.main)
    Region$$Table$$Base                      0x000003a8   Number         0  anon$$obj.o(Region$$Table)
    Region$$Table$$Limit                     0x000003b8   Number         0  anon$$obj.o(Region$$Table)
    __libspace_start                         0x20000000   Data          96  libspace.o(.bss)
    __temporary_stack_top$libspace           0x20000060   Data           0  libspace.o(.bss)



==============================================================================

Memory Map of the image

  Image entry point : Not specified.

  Load Region LR_IROM1 (Base: 0x00000000, Size: 0x000003b8, Max: 0x00010000, ABSOLUTE)

    Execution Region ER_IROM1 (Exec base: 0x00000000, Load base: 0x00000000, Size: 0x000003b8, Max: 0x00010000, ABSOLUTE)

    Exec Addr    Load Addr    Size         Type   Attr      Idx    E Section Name        Object

    0x00000000   0x00000000   0x00000044   Data   RO           26    RESET               startup_cmsdk_cm0.o
    0x00000044   0x00000044   0x00000008   Code   RO           98  * !!!main             c_p.l(__main.o)
    0x0000004c   0x0000004c   0x0000003c   Code   RO          257    !!!scatter          c_p.l(__scatter.o)
    0x00000088   0x00000088   0x0000001c   Code   RO          259    !!handler_zi        c_p.l(__scatter_zi.o)
    0x000000a4   0x000000a4   0x00000002   Code   RO          126    .ARM.Collect$$libinit$$00000000  c_p.l(libinit.o)
    0x000000a6   0x000000a6   0x00000000   Code   RO          134    .ARM.Collect$$libinit$$00000002  c_p.l(libinit2.o)
    0x000000a6   0x000000a6   0x00000000   Code   RO          136    .ARM.Collect$$libinit$$00000004  c_p.l(libinit2.o)
    0x000000a6   0x000000a6   0x00000000   Code   RO          139    .ARM.Collect$$libinit$$0000000A  c_p.l(libinit2.o)
    0x000000a6   0x000000a6   0x00000000   Code   RO          141    .ARM.Collect$$libinit$$0000000C  c_p.l(libinit2.o)
    0x000000a6   0x000000a6   0x00000000   Code   RO          143    .ARM.Collect$$libinit$$0000000E  c_p.l(libinit2.o)
    0x000000a6   0x000000a6   0x00000000   Code   RO          146    .ARM.Collect$$libinit$$00000011  c_p.l(libinit2.o)
    0x000000a6   0x000000a6   0x00000000   Code   RO          148    .ARM.Collect$$libinit$$00000013  c_p.l(libinit2.o)
    0x000000a6   0x000000a6   0x00000000   Code   RO          150    .ARM.Collect$$libinit$$00000015  c_p.l(libinit2.o)
    0x000000a6   0x000000a6   0x00000000   Code   RO          152    .ARM.Collect$$libinit$$00000017  c_p.l(libinit2.o)
    0x000000a6   0x000000a6   0x00000000   Code   RO          154    .ARM.Collect$$libinit$$00000019  c_p.l(libinit2.o)
    0x000000a6   0x000000a6   0x00000000   Code   RO          156    .ARM.Collect$$libinit$$0000001B  c_p.l(libinit2.o)
    0x000000a6   0x000000a6   0x00000000   Code   RO          158    .ARM.Collect$$libinit$$0000001D  c_p.l(libinit2.o)
    0x000000a6   0x000000a6   0x00000000   Code   RO          160    .ARM.Collect$$libinit$$0000001F  c_p.l(libinit2.o)
    0x000000a6   0x000000a6   0x00000000   Code   RO          162    .ARM.Collect$$libinit$$00000021  c_p.l(libinit2.o)
    0x000000a6   0x000000a6   0x00000000   Code   RO          164    .ARM.Collect$$libinit$$00000023  c_p.l(libinit2.o)
    0x000000a6   0x000000a6   0x00000000   Code   RO          166    .ARM.Collect$$libinit$$00000025  c_p.l(libinit2.o)
    0x000000a6   0x000000a6   0x00000000   Code   RO          170    .ARM.Collect$$libinit$$0000002C  c_p.l(libinit2.o)
    0x000000a6   0x000000a6   0x00000000   Code   RO          172    .ARM.Collect$$libinit$$0000002E  c_p.l(libinit2.o)
    0x000000a6   0x000000a6   0x00000000   Code   RO          174    .ARM.Collect$$libinit$$00000030  c_p.l(libinit2.o)
    0x000000a6   0x000000a6   0x00000000   Code   RO          176    .ARM.Collect$$libinit$$00000032  c_p.l(libinit2.o)
    0x000000a6   0x000000a6   0x00000002   Code   RO          177    .ARM.Collect$$libinit$$00000033  c_p.l(libinit2.o)
    0x000000a8   0x000000a8   0x00000002   Code   RO          197    .ARM.Collect$$libshutdown$$00000000  c_p.l(libshutdown.o)
    0x000000aa   0x000000aa   0x00000000   Code   RO          210    .ARM.Collect$$libshutdown$$00000002  c_p.l(libshutdown2.o)
    0x000000aa   0x000000aa   0x00000000   Code   RO          212    .ARM.Collect$$libshutdown$$00000004  c_p.l(libshutdown2.o)
    0x000000aa   0x000000aa   0x00000000   Code   RO          215    .ARM.Collect$$libshutdown$$00000007  c_p.l(libshutdown2.o)
    0x000000aa   0x000000aa   0x00000000   Code   RO          218    .ARM.Collect$$libshutdown$$0000000A  c_p.l(libshutdown2.o)
    0x000000aa   0x000000aa   0x00000000   Code   RO          220    .ARM.Collect$$libshutdown$$0000000C  c_p.l(libshutdown2.o)
    0x000000aa   0x000000aa   0x00000000   Code   RO          223    .ARM.Collect$$libshutdown$$0000000F  c_p.l(libshutdown2.o)
    0x000000aa   0x000000aa   0x00000002   Code   RO          224    .ARM.Collect$$libshutdown$$00000010  c_p.l(libshutdown2.o)
    0x000000ac   0x000000ac   0x00000000   Code   RO          100    .ARM.Collect$$rtentry$$00000000  c_p.l(__rtentry.o)
    0x000000ac   0x000000ac   0x00000000   Code   RO          102    .ARM.Collect$$rtentry$$00000002  c_p.l(__rtentry2.o)
    0x000000ac   0x000000ac   0x00000006   Code   RO          114    .ARM.Collect$$rtentry$$00000004  c_p.l(__rtentry4.o)
    0x000000b2   0x000000b2   0x00000000   Code   RO          104    .ARM.Collect$$rtentry$$00000009  c_p.l(__rtentry2.o)
    0x000000b2   0x000000b2   0x00000004   Code   RO          105    .ARM.Collect$$rtentry$$0000000A  c_p.l(__rtentry2.o)
    0x000000b6   0x000000b6   0x00000000   Code   RO          107    .ARM.Collect$$rtentry$$0000000C  c_p.l(__rtentry2.o)
    0x000000b6   0x000000b6   0x00000008   Code   RO          108    .ARM.Collect$$rtentry$$0000000D  c_p.l(__rtentry2.o)
    0x000000be   0x000000be   0x00000002   Code   RO          131    .ARM.Collect$$rtexit$$00000000  c_p.l(rtexit.o)
    0x000000c0   0x000000c0   0x00000000   Code   RO          179    .ARM.Collect$$rtexit$$00000002  c_p.l(rtexit2.o)
    0x000000c0   0x000000c0   0x00000004   Code   RO          180    .ARM.Collect$$rtexit$$00000003  c_p.l(rtexit2.o)
    0x000000c4   0x000000c4   0x00000006   Code   RO          181    .ARM.Collect$$rtexit$$00000004  c_p.l(rtexit2.o)
    0x000000ca   0x000000ca   0x00000002   PAD
    0x000000cc   0x000000cc   0x00000030   Code   RO           27  * .text               startup_cmsdk_cm0.o
    0x000000fc   0x000000fc   0x00000044   Code   RO           94    .text               c_p.l(strlen.o)
    0x00000140   0x00000140   0x00000006   Code   RO           96    .text               c_p.l(heapauxi.o)
    0x00000146   0x00000146   0x0000003e   Code   RO          116    .text               c_p.l(sys_stackheap_outer.o)
    0x00000184   0x00000184   0x00000010   Code   RO          119    .text               c_p.l(exit.o)
    0x00000194   0x00000194   0x00000008   Code   RO          127    .text               c_p.l(libspace.o)
    0x0000019c   0x0000019c   0x0000000c   Code   RO          189    .text               c_p.l(sys_exit.o)
    0x000001a8   0x000001a8   0x00000002   Code   RO          200    .text               c_p.l(use_no_semi.o)
    0x000001aa   0x000001aa   0x00000000   Code   RO          202    .text               c_p.l(indicate_semi.o)
    0x000001aa   0x000001aa   0x00000012   Code   RO           32    i.DMA               code_def.o
    0x000001bc   0x000001bc   0x00000012   Code   RO           33    i.Delay             code_def.o
    0x000001ce   0x000001ce   0x0000000a   Code   RO           34    i.ReadUART          code_def.o
    0x000001d8   0x000001d8   0x0000000a   Code   RO           35    i.ReadUARTState     code_def.o
    0x000001e2   0x000001e2   0x00000008   Code   RO           36    i.SetWaterLightMode  code_def.o
    0x000001ea   0x000001ea   0x00000008   Code   RO           37    i.SetWaterLightSpeed  code_def.o
    0x000001f2   0x000001f2   0x00000002   PAD
    0x000001f4   0x000001f4   0x0000002c   Code   RO           38    i.UARTHandle        code_def.o
    0x00000220   0x00000220   0x0000001c   Code   RO           39    i.UARTString        code_def.o
    0x0000023c   0x0000023c   0x00000016   Code   RO           40    i.WriteUART         code_def.o
    0x00000252   0x00000252   0x00000002   PAD
    0x00000254   0x00000254   0x00000154   Code   RO            1    i.main              main.o
    0x000003a8   0x000003a8   0x00000010   Data   RO          255    Region$$Table       anon$$obj.o


    Execution Region RW_IRAM1 (Exec base: 0x20000000, Load base: 0x000003b8, Size: 0x00000860, Max: 0x00010000, ABSOLUTE)

    Exec Addr    Load Addr    Size         Type   Attr      Idx    E Section Name        Object

    0x20000000        -       0x00000060   Zero   RW          128    .bss                c_p.l(libspace.o)
    0x20000060        -       0x00000400   Zero   RW           25    HEAP                startup_cmsdk_cm0.o
    0x20000460        -       0x00000400   Zero   RW           24    STACK               startup_cmsdk_cm0.o


==============================================================================

Image component sizes


      Code (inc. data)   RO Data    RW Data    ZI Data      Debug   Object Name

       166         16          0          0          0       3948   code_def.o
       340        232          0          0          0       1931   main.o
        48         22         68          0       2048        404   startup_cmsdk_cm0.o

    ----------------------------------------------------------------------
       558        270         84          0       2048       6283   Object Totals
         0          0         16          0          0          0   (incl. Generated)
         4          0          0          0          0          0   (incl. Padding)

    ----------------------------------------------------------------------

      Code (inc. data)   RO Data    RW Data    ZI Data      Debug   Library Member Name

         8          0          0          0          0         68   __main.o
         0          0          0          0          0          0   __rtentry.o
        12          0          0          0          0          0   __rtentry2.o
         6          0          0          0          0          0   __rtentry4.o
        60          8          0          0          0          0   __scatter.o
        28          0          0          0          0          0   __scatter_zi.o
        16          0          0          0          0         68   exit.o
         6          0          0          0          0        136   heapauxi.o
         0          0          0          0          0          0   indicate_semi.o
         2          0          0          0          0          0   libinit.o
         2          0          0          0          0          0   libinit2.o
         2          0          0          0          0          0   libshutdown.o
         2          0          0          0          0          0   libshutdown2.o
         8          4          0          0         96         68   libspace.o
         2          0          0          0          0          0   rtexit.o
        10          0          0          0          0          0   rtexit2.o
        68          6          0          0          0         72   strlen.o
        12          4          0          0          0         60   sys_exit.o
        62          0          0          0          0         80   sys_stackheap_outer.o
         2          0          0          0          0         68   use_no_semi.o

    ----------------------------------------------------------------------
       310         22          0          0         96        620   Library Totals
         2          0          0          0          0          0   (incl. Padding)

    ----------------------------------------------------------------------

      Code (inc. data)   RO Data    RW Data    ZI Data      Debug   Library Name

       308         22          0          0         96        620   c_p.l

    ----------------------------------------------------------------------
       310         22          0          0         96        620   Library Totals

    ----------------------------------------------------------------------

==============================================================================


      Code (inc. data)   RO Data    RW Data    ZI Data      Debug   

       868        292         84          0       2144       6347   Grand Totals
       868        292         84          0       2144       6347   ELF Image Totals
       868        292         84          0          0          0   ROM Totals

==============================================================================

    Total RO  Size (Code + RO Data)                  952 (   0.93kB)
    Total RW  Size (RW Data + ZI Data)              2144 (   2.09kB)
    Total ROM Size (Code + RO Data + RW Data)        952 (   0.93kB)

==============================================================================

